--------------------------------
          SYMBOL TABLE
--------------------------------
NUMBER OF SYMBOLS : 4 
--------------------------------

ID : elem	;; TYPE : INTEGER	;; LOCATION : R1 
ID : v	;; TYPE : INTEGER	;; LOCATION : [UNSPECIFIED] 
ID : a	;; TYPE : INTEGER	;; LOCATION : R2 
ID : b	;; TYPE : INTEGER	;; LOCATION : R3 
