--------------------------------
          SYMBOL TABLE
--------------------------------
NUMBER OF SYMBOLS : 3 
--------------------------------

ID : a	;; TYPE : INTEGER	;; LOCATION : R1 
ID : b	;; TYPE : INTEGER	;; LOCATION : R2 
ID : somma	;; TYPE : INTEGER	;; LOCATION : R3 
